<?xml version="1.0" encoding="utf-8"?>
<LinearLayout xmlns:android="http://schemas.android.com/apk/res/android"
    android:orientation="vertical"
    android:layout_width="match_parent"
    android:layout_height="wrap_content">

    <LinearLayout
        android:layout_width="match_parent"
        android:layout_height="wrap_content"
        android:layout_margin="10dp"
        android:orientation="vertical">

        <TextView
            android:layout_width="match_parent"
            android:layout_height="wrap_content"
            android:background="@color/colorPrimaryDark"
            android:gravity="center"
            android:text="Category name"
            android:padding="8dp"
            android:textSize="18sp"
            android:layout_marginBottom="10dp"
            android:textColor="@android:color/white" />

        <LinearLayout
            android:layout_width="match_parent"
            android:layout_height="wrap_content"
            android:weightSum="3">

            <TextView
                android:id="@+id/row_expected_tv_target"
                android:layout_width="wrap_content"
                android:layout_height="wrap_content"
                android:layout_weight="1"
                android:text="@string/row_expected_target"

                />

            <TextView
                android:id="@+id/row_expected_tv_percentage"

                android:layout_width="wrap_content"
                android:layout_height="wrap_content"
                android:layout_weight="1"
                android:text="@string/row_expected_percentage"

                />

            <TextView
                android:id="@+id/row_expected_tv_expense"

                android:layout_width="wrap_content"
                android:layout_height="wrap_content"
                android:layout_weight="1"
                android:text="@string/row_expected_expense"

                />
        </LinearLayout>

        <LinearLayout
            android:layout_width="match_parent"
            android:layout_height="wrap_content"
            android:weightSum="3">

            <TextView
                android:layout_width="wrap_content"
                android:layout_height="wrap_content"
                android:layout_weight="1"
                android:hint="@string/row_expected_hint_target"

                />

            <TextView
                android:layout_width="wrap_content"
                android:layout_height="wrap_content"
                android:layout_weight="1"
                android:hint="@string/row_expected_hint_percentage"

                />

            <TextView
                android:layout_width="wrap_content"
                android:layout_height="wrap_content"
                android:layout_weight="1"
                android:hint="@string/row_expected_hint_expense"

                />
        </LinearLayout>


    </LinearLayout>


</LinearLayout>